// Jest Snapshot v1, https://goo.gl/fbAQLP

exports[`config - filters respects filters 1`] = `Array []`;
